// Jest Snapshot v1, https://goo.gl/fbAQLP

exports[`Snapshot tests (toMatchSnapshot()): <Landing/> 1`] = `
<div
  className="landingCont"
>
  <div
    className="allTestsPreviewCont"
  >
    <input
      className="searchBar"
      placeholder="Search..."
      type="text"
    />
    <div
      className="testPreviewCont"
    >
      <a
        href="/test"
        onClick={[Function]}
      >
        <div
          className="testName"
        >
          JavaScript
        </div>
        <img
          alt="Loading..."
          className="testImage"
          src="JS.png"
        />
        <div
          className="testBtn"
        >
          PLAY
        </div>
      </a>
    </div>
    <div
      className="testPreviewCont"
    >
      <a
        href="/test"
        onClick={[Function]}
      >
        <div
          className="testName"
        >
          JavaScript
        </div>
        <img
          alt="Loading..."
          className="testImage"
          src="JS.png"
        />
        <div
          className="testBtn"
        >
          PLAY
        </div>
      </a>
    </div>
    <div
      className="testPreviewCont"
    >
      <a
        href="/test"
        onClick={[Function]}
      >
        <div
          className="testName"
        >
          JavaScript
        </div>
        <img
          alt="Loading..."
          className="testImage"
          src="JS.png"
        />
        <div
          className="testBtn"
        >
          PLAY
        </div>
      </a>
    </div>
    <div
      className="testPreviewCont"
    >
      <a
        href="/test"
        onClick={[Function]}
      >
        <div
          className="testName"
        >
          JavaScript
        </div>
        <img
          alt="Loading..."
          className="testImage"
          src="JS.png"
        />
        <div
          className="testBtn"
        >
          PLAY
        </div>
      </a>
    </div>
    <div
      className="testPreviewCont"
    >
      <a
        href="/test"
        onClick={[Function]}
      >
        <div
          className="testName"
        >
          JavaScript
        </div>
        <img
          alt="Loading..."
          className="testImage"
          src="JS.png"
        />
        <div
          className="testBtn"
        >
          PLAY
        </div>
      </a>
    </div>
    <div
      className="testPreviewCont"
    >
      <a
        href="/test"
        onClick={[Function]}
      >
        <div
          className="testName"
        >
          JavaScript
        </div>
        <img
          alt="Loading..."
          className="testImage"
          src="JS.png"
        />
        <div
          className="testBtn"
        >
          PLAY
        </div>
      </a>
    </div>
    <div
      className="testPreviewCont"
    >
      <a
        href="/test"
        onClick={[Function]}
      >
        <div
          className="testName"
        >
          JavaScript
        </div>
        <img
          alt="Loading..."
          className="testImage"
          src="JS.png"
        />
        <div
          className="testBtn"
        >
          PLAY
        </div>
      </a>
    </div>
    <div
      className="testPreviewCont"
    >
      <a
        href="/test"
        onClick={[Function]}
      >
        <div
          className="testName"
        >
          JavaScript
        </div>
        <img
          alt="Loading..."
          className="testImage"
          src="JS.png"
        />
        <div
          className="testBtn"
        >
          PLAY
        </div>
      </a>
    </div>
  </div>
  <button
    className="loadMoreTests"
  >
    MORE
  </button>
  <div>
    <div
      className="filterBadge"
    >
      <div
        className="filterIcon"
      />
    </div>
    <input
      className="filterToggle"
      type="checkbox"
    />
    <div
      className="filterMenu"
    />
  </div>
  <footer />
</div>
`;

exports[`Snapshot tests (toMatchSnapshot()): <Test/> 1`] = `
<div>
  <h2>
    
  </h2>
  <div
    className="container"
  >
    <div
      className="question"
    >
      1
      . 
    </div>
    <div
      className="answers"
    >
      <div />
    </div>
    <div
      className="footer"
    >
      <div
        className="pages"
      >
        <div />
      </div>
      <span
        className="divider"
      />
      <div
        className="time"
      >
        <span
          className="clock"
        />
        <span
          id="time"
        >
          0:00
        </span>
      </div>
      <span
        className="divider"
      />
      <div
        className="navigate"
      >
        <span
          onClick={[Function]}
        >
          <i
            className="arrow left"
          />
        </span>
        <span
          onClick={[Function]}
        >
          <i
            className="arrow right"
          />
        </span>
      </div>
    </div>
  </div>
</div>
`;

exports[`Snapshot tests (toMatchSnapshot()): Empty test as prop to <Test/>: 1`] = `
<div>
  <h2>
    
  </h2>
  <div
    className="container"
  >
    <div
      className="question"
    >
      1
      . 
    </div>
    <div
      className="answers"
    >
      <div />
    </div>
    <div
      className="footer"
    >
      <div
        className="pages"
      >
        <div />
      </div>
      <span
        className="divider"
      />
      <div
        className="time"
      >
        <span
          className="clock"
        />
        <span
          id="time"
        >
          0:00
        </span>
      </div>
      <span
        className="divider"
      />
      <div
        className="navigate"
      >
        <span
          onClick={[Function]}
        >
          <i
            className="arrow left"
          />
        </span>
        <span
          onClick={[Function]}
        >
          <i
            className="arrow right"
          />
        </span>
      </div>
    </div>
  </div>
</div>
`;

exports[`Snapshot tests (toMatchSnapshot()): Non-Object (3) as prop to <Test/>: 1`] = `
<div>
  <h2>
    
  </h2>
  <div
    className="container"
  >
    <div
      className="question"
    >
      1
      . 
    </div>
    <div
      className="answers"
    >
      <div />
    </div>
    <div
      className="footer"
    >
      <div
        className="pages"
      >
        <div />
      </div>
      <span
        className="divider"
      />
      <div
        className="time"
      >
        <span
          className="clock"
        />
        <span
          id="time"
        >
          0:00
        </span>
      </div>
      <span
        className="divider"
      />
      <div
        className="navigate"
      >
        <span
          onClick={[Function]}
        >
          <i
            className="arrow left"
          />
        </span>
        <span
          onClick={[Function]}
        >
          <i
            className="arrow right"
          />
        </span>
      </div>
    </div>
  </div>
</div>
`;
